\begin{Verbatim}
 CPU0 (rcu_gp_init)            CPU1                    CPU2
 ---------------------         ----                    ----
 // Hotplug scan first (WRONG ORDER)
 rcu_for_each_leaf_node(rnp) {
     rnp->qsmaskinit = rnp->qsmaskinitnext;
 }
                               rcutree_report_cpu_starting()
                                   rnp->qsmaskinitnext |= mask;
                               rcu_read_lock()
                                   r0 = *X;
                                                       r1 = *X;
                                                       X = NULL;
                                                       cookie = get_state_synchronize_rcu();
                                                       // cookie = 8 (future GP)
 rcu_seq_start(&rcu_state.gp_seq);
 // gp_seq = 5

 // CPU1 now invisible to this GP!
 rcu_for_each_node_breadth_first() {
     rnp->qsmask = rnp->qsmaskinit;
     // CPU1 not included!
 }

 // GP completes without CPU1
 rcu_seq_end(&rcu_state.gp_seq);
 // gp_seq = 8
                                                       poll_state_synchronize_rcu(cookie);
                                                       // Returns true!
                                                       kfree(r1);
                               r2 = *r0; // USE-AFTER-FREE!
\end{Verbatim}
